// Jest Snapshot v1, https://goo.gl/fbAQLP

exports[`renders DOM output correctly 1`] = `
<div
  className="fullbleed home-page__bg is-below-ratio o-media"
>
  <img
    alt="black square"
    className="fullbleed__item o-media__img"
    src="data:image/gif;base64,R0lGODlhAQABAIAAAAUEBAAAACwAAAAAAQABAAACAkQBADs="
  />
</div>
`;
